
> roleready@0.1.0 build
> next build

Γû▓ Next.js 16.1.6 (Turbopack)
- Environments: .env.local

npm : ΓÜá The "middleware" file convention 
is deprecated. Please use "proxy" instead. 
Learn more: https://nextjs.org/docs/message
s/middleware-to-proxy
At line:1 char:1
+ npm run build > build_output.txt 2>&1
+ ~~~~~~~~~~~~~~~~~~~~~~~~~~~~~~~~~~~~~
    + CategoryInfo          : NotSpecified 
   : (ΓÜá The "middle...leware-to-proxy:S  
  tring) [], RemoteException
    + FullyQualifiedErrorId : NativeComman 
   dError
 
  Creating an optimized production build ...
Γ£ô Compiled successfully in 15.6s
  Running TypeScript ...
Failed to compile.

.next/dev/types/validator.ts:657:31
Type error: Type 'typeof import("C:/Users/A
SUS/Pictures/Nextjsroleready/app/api/admin/
categories/internships/[id]/route")' does 
not satisfy the constraint 'RouteHandlerCon
fig<"/api/admin/categories/internships/[id]
">'.
  Types of property 'PATCH' are 
incompatible.
    Type '(req: NextRequest, { params }: { 
params: { id: string; }; }) => 
Promise<NextResponse<{ success: boolean; 
error: string; }> | NextResponse<{ 
success: boolean; data: { category: any; 
}; message: string; }>>' is not assignable 
to type '(request: NextRequest, context: { 
params: Promise<{ id: string; }>; }) => 
void | Response | Promise<void | 
Response>'.
      Types of parameters '__1' and 
'context' are incompatible.
        Type '{ params: Promise<{ id: 
string; }>; }' is not assignable to type 
'{ params: { id: string; }; }'.
          Types of property 'params' are 
incompatible.
            Property 'id' is missing in 
type 'Promise<{ id: string; }>' but 
required in type '{ id: string; }'.

[0m [90m 655 |[39m   type 
__IsExpected[33m<[39m[33mSpecific[39m 
[36mextends[39m [33mRouteHandlerConfig[
39m[33m<[39m[32m"/api/admin/categories/i
nternships/[id]"[39m[33m>>[39m 
[33m=[39m [33mSpecific[39m
 [90m 656 |[39m   [36mconst[39m 
handler [33m=[39m {} [36mas[39m 
[36mtypeof[39m [36mimport[39m([32m"../
../../app/api/admin/categories/internships/
[id]/route.js"[39m)
[31m[1m>[22m[39m[90m 657 |[39m   
type __Check [33m=[39m 
__IsExpected[33m<[39m[36mtypeof[39m 
handler[33m>[39m
 [90m     |[39m                          
     [31m[1m^[22m[39m
 [90m 658 |[39m   [90m// @ts-ignore[39m
 [90m 659 |[39m   type __Unused 
[33m=[39m __Check
 [90m 660 |[39m }[0m
Next.js build worker exited with code: 1 
and signal: null
